---
source: tests/ui_test.rs
assertion_line: 25
expression: output_str
---
╭────────────────────────────────────────────────╮
│ BAT0                          Model: BAT-12345 │
├────────────────────────────────────────────────┤
│ Status: Discharging                            │
│ Charge: █████████████░░░░░  75%                ├──╮
│ Manufacturer: Dante's Co                       │  │
│ Cycles: 100                                    │  │
│ Voltage: 12.0 V                 Power:  15.00 W │  │
│ Capacity: 30 Wh / 40 Wh         Health:  800%  ├──╯
│ Full charge capacity: 40 Wh                    │
│ Design capacity: 5 Wh                          │
╰────────────────────────────────────────────────╯
